Error in econSimul_train.py


* KeyError: 'default_policy'
(Pdb) w
  /userhome/cs/jlin2022/anaconda3/lib/python3.8/bdb.py(580)run()
-> exec(cmd, globals, locals)
> <string>(1)<module>()->None
  /userhome/cs/jlin2022/China-Econ-Simulation-Simple_v7/econSimul_train.py(129)<module>()->None
-> action = trainer.compute_action(obs)
  /userhome/cs/jlin2022/anaconda3/lib/python3.8/site-packages/ray/rllib/agents/trainer.py(773)compute_action()
-> preprocessed = self.workers.local_worker().preprocessors[

* Should label actions. It is an array, not dictionary.
(Pdb) cl
Clear all breaks? y
Deleted breakpoint 1 at /userhome/cs/jlin2022/anaconda3/lib/python3.8/site-packages/ray/rllib/agents/trainer.py:773
(Pdb) c
Traceback (most recent call last):
  File "/userhome/cs/jlin2022/anaconda3/lib/python3.8/pdb.py", line 1704, in main
    pdb._runscript(mainpyfile)
  File "/userhome/cs/jlin2022/anaconda3/lib/python3.8/pdb.py", line 1573, in _runscript
    self.run(statement)
  File "/userhome/cs/jlin2022/anaconda3/lib/python3.8/bdb.py", line 580, in run
    exec(cmd, globals, locals)
  File "<string>", line 1, in <module>
  File "/userhome/cs/jlin2022/China-Econ-Simulation-Simple_v7/econSimul_train.py", line 137, in <module>
    obs, reward, done, info = env.step(action)
  File "/userhome/cs/jlin2022/China-Econ-Simulation-Simple_v7/foundation/base/base_env.py", line 979, in step
    assert isinstance(actions, dict)
AssertionError
Uncaught exception. Entering post mortem debugging
Running 'cont' or 'step' will restart the program
> /userhome/cs/jlin2022/China-Econ-Simulation-Simple_v7/foundation/base/base_env.py(979)step()
-> assert isinstance(actions, dict)
(Pdb) p actions
array([10,  3,  6,  2,  0, 17,  0,  2, 15,  4, 11, 11,  2,  9,  4,  7,  1,
        9,  7,  8,  5,  4,  2,  4])
(Pdb) p dict
<class 'dict'>
(Pdb) w
  /userhome/cs/jlin2022/anaconda3/lib/python3.8/pdb.py(1704)main()
-> pdb._runscript(mainpyfile)
  /userhome/cs/jlin2022/anaconda3/lib/python3.8/pdb.py(1573)_runscript()
-> self.run(statement)
  /userhome/cs/jlin2022/anaconda3/lib/python3.8/bdb.py(580)run()
-> exec(cmd, globals, locals)
  <string>(1)<module>()
  /userhome/cs/jlin2022/China-Econ-Simulation-Simple_v7/econSimul_train.py(137)<module>()
-> obs, reward, done, info = env.step(action)
> /userhome/cs/jlin2022/China-Econ-Simulation-Simple_v7/foundation/base/base_env.py(979)step()
-> assert isinstance(actions, dict)
(Pdb) p actions.shape
(24,)
(Pdb)


bookmark:
~/anaconda3/lib/python3.8/site-packages/gym/spaces/dict.py


* Actions should contain actions of all agents.
> /userhome/cs/jlin2022/China-Econ-Simulation-Simple_v7/foundation/base/base_env.py(568)parse_actions()
-> for agent_idx, agent_actions in action_dictionary.items():
(Pdb) p action_dictionary
{'Construct.build_Agriculture': 20, 'Construct.break_Agriculture': 10, 'Construct.build_Energy': 3, 'Construct.break_Energy': 12, 'Construct.build_Finance': 5, 'Construct.break_Finance': 1, 'Construct.build_IT': 18, 'Construct.break_IT': 2, 'Construct.build_Minerals': 10, 'Construct.break_Minerals': 2, 'Construct.build_Tourism': 15, 'Construct.break_Tourism': 5, 'ContinuousDoubleAuction.Buy_Agriculture': 10, 'ContinuousDoubleAuction.Sell_Agriculture': 4, 'ContinuousDoubleAuction.Buy_Minerals': 1, 'ContinuousDoubleAuction.Sell_Minerals': 9, 'ContinuousDoubleAuction.Buy_Energy': 1, 'ContinuousDoubleAuction.Sell_Energy': 8, 'ContinuousDoubleAuction.Buy_Tourism': 10, 'ContinuousDoubleAuction.Sell_Tourism': 6, 'ContinuousDoubleAuction.Buy_IT': 1, 'ContinuousDoubleAuction.Sell_IT': 8, 'ContinuousDoubleAuction.Buy_Finance': 3, 'ContinuousDoubleAuction.Sell_Finance': 8}



Incorrect plotting function
--Return--
> /userhome/cs/jlin2022/China-Econ-Simulation-Simple_v7/econSimul_train.py(232)<module>()->None
-> plotting.breakdown(dense_logs[dense_log_idx]);
(Pdb) n
IndexError: tuple index out of range
> <string>(1)<module>()->None
(Pdb) w
  /userhome/cs/jlin2022/anaconda3/lib/python3.8/bdb.py(580)run()
-> exec(cmd, globals, locals)
> <string>(1)<module>()->None
  /userhome/cs/jlin2022/China-Econ-Simulation-Simple_v7/econSimul_train.py(232)<module>()->None
-> plotting.breakdown(dense_logs[dense_log_idx]);
  /userhome/cs/jlin2022/China-Econ-Simulation-Simple_v7/utils/plotting.py(272)breakdown()
-> fig0 = vis_world_range(log, remap_key=remap_key)
  /userhome/cs/jlin2022/China-Econ-Simulation-Simple_v7/utils/plotting.py(194)vis_world_range()
-> return vis_world_array(dense_logs, ts, axes=axes, eps=eps, remap_key=remap_key)
  /userhome/cs/jlin2022/China-Econ-Simulation-Simple_v7/utils/plotting.py(166)vis_world_array()
-> plot_log_state(dense_logs[ep], t, ax=axes[ei, ti], remap_key=remap_key)
  /userhome/cs/jlin2022/China-Econ-Simulation-Simple_v7/utils/plotting.py(120)plot_log_state()
-> plot_map(maps, locs, ax, cmap_order)
  /userhome/cs/jlin2022/China-Econ-Simulation-Simple_v7/utils/plotting.py(22)plot_map()
-> tmp = np.zeros((3, world_size[0], world_size[1]))
